---
source: crates/phactory/src/system/mod.rs
assertion_line: 1323
expression: messages

---
[
    (
        0,
        Message {
            sender: Gatekeeper,
            destination: phala/contract/worker/report,
            payload: [
                1,
                106,
                54,
                146,
                198,
                207,
                203,
                233,
                203,
                97,
                254,
                14,
                227,
                100,
                155,
                172,
                41,
                31,
                100,
                217,
                51,
                160,
                132,
                167,
                65,
                144,
                8,
                38,
                245,
                91,
                57,
                96,
                197,
                0,
                0,
                0,
                0,
                0,
                0,
                0,
                0,
                0,
                0,
                0,
                0,
                0,
                0,
                0,
                0,
                0,
                0,
                0,
                0,
                0,
                0,
                0,
                0,
                0,
                0,
                0,
                0,
                0,
                0,
                0,
                0,
                1,
                1,
                1,
                1,
                1,
                1,
                1,
                1,
                1,
                1,
                1,
                1,
                1,
                1,
                1,
                1,
                1,
                1,
                1,
                1,
                1,
                1,
                1,
                1,
                1,
                1,
                1,
                1,
                1,
                1,
                1,
                1,
                198,
                227,
                193,
                38,
                87,
                233,
                90,
                219,
                254,
                199,
                107,
                59,
                108,
                214,
                78,
                154,
                244,
                82,
                222,
                49,
                133,
                247,
                184,
                202,
                188,
                91,
                107,
                184,
                25,
                162,
                117,
                124,
            ],
        },
    ),
]
